/home/udays/miniconda3/envs/gdl/lib/python3.10/site-packages/torch_geometric/nn/models/mlp.py:102: UserWarning: Argument `batch_norm` is deprecated, please use `norm` to specify normalization layer.
  warnings.warn("Argument `batch_norm` is deprecated, "
Using device: cuda
Train: 3436 | Val: 1144 | targets=['solidVolume', 'surfaceVolume', 'supportSurfaceArea', 'aligned_dim_x', 'aligned_dim_y', 'aligned_dim_z']
Model parameters: 1,734,662

Starting training (max 200 epochs, patience=30, beta=1.0)
Epoch   1/200 | train_huber=0.4012 | val_huber=0.1441 | mean_R2=0.6218 | lr=3.00e-04 | 40.3s
  EarlyStopping: first checkpoint at epoch 1, metric=0.144118
Epoch   2/200 | train_huber=0.2762 | val_huber=0.1124 | mean_R2=0.7045 | lr=3.00e-04 | 39.9s
  EarlyStopping: min metric improved from 0.144118 → 0.112379
Epoch   3/200 | train_huber=0.2319 | val_huber=0.1097 | mean_R2=0.6897 | lr=3.00e-04 | 40.0s
  EarlyStopping: min metric improved from 0.112379 → 0.109694
Epoch   4/200 | train_huber=0.2052 | val_huber=0.0997 | mean_R2=0.7278 | lr=3.00e-04 | 39.9s
  EarlyStopping: min metric improved from 0.109694 → 0.099730
Epoch   5/200 | train_huber=0.1930 | val_huber=0.0820 | mean_R2=0.7737 | lr=3.00e-04 | 39.9s
  EarlyStopping: min metric improved from 0.099730 → 0.081981
Epoch   6/200 | train_huber=0.1692 | val_huber=0.0844 | mean_R2=0.7709 | lr=2.99e-04 | 39.9s
  EarlyStopping: no improvement for 1/30 epochs (best=0.081981 @ epoch 5)
Epoch   7/200 | train_huber=0.1594 | val_huber=0.0798 | mean_R2=0.7770 | lr=2.99e-04 | 39.8s
  EarlyStopping: min metric improved from 0.081981 → 0.079792
Epoch   8/200 | train_huber=0.1523 | val_huber=0.0805 | mean_R2=0.7740 | lr=2.99e-04 | 39.9s
  EarlyStopping: no improvement for 1/30 epochs (best=0.079792 @ epoch 7)
Epoch   9/200 | train_huber=0.1456 | val_huber=0.0888 | mean_R2=0.7205 | lr=2.99e-04 | 39.9s
  EarlyStopping: no improvement for 2/30 epochs (best=0.079792 @ epoch 7)
Epoch  10/200 | train_huber=0.1409 | val_huber=0.0738 | mean_R2=0.8028 | lr=2.98e-04 | 39.9s
  EarlyStopping: min metric improved from 0.079792 → 0.073817
Epoch  11/200 | train_huber=0.1302 | val_huber=0.0786 | mean_R2=0.7854 | lr=2.98e-04 | 39.9s
  EarlyStopping: no improvement for 1/30 epochs (best=0.073817 @ epoch 10)
Epoch  12/200 | train_huber=0.1264 | val_huber=0.0671 | mean_R2=0.8222 | lr=2.97e-04 | 39.8s
  EarlyStopping: min metric improved from 0.073817 → 0.067129
Epoch  13/200 | train_huber=0.1256 | val_huber=0.0913 | mean_R2=0.7451 | lr=2.97e-04 | 39.9s
  EarlyStopping: no improvement for 1/30 epochs (best=0.067129 @ epoch 12)
Epoch  14/200 | train_huber=0.1197 | val_huber=0.0615 | mean_R2=0.8357 | lr=2.97e-04 | 39.9s
  EarlyStopping: min metric improved from 0.067129 → 0.061461
Epoch  15/200 | train_huber=0.1155 | val_huber=0.0659 | mean_R2=0.8139 | lr=2.96e-04 | 39.9s
  EarlyStopping: no improvement for 1/30 epochs (best=0.061461 @ epoch 14)
Epoch  16/200 | train_huber=0.1031 | val_huber=0.0666 | mean_R2=0.8160 | lr=2.95e-04 | 39.8s
  EarlyStopping: no improvement for 2/30 epochs (best=0.061461 @ epoch 14)
Epoch  17/200 | train_huber=0.1036 | val_huber=0.0611 | mean_R2=0.8366 | lr=2.95e-04 | 39.8s
  EarlyStopping: min metric improved from 0.061461 → 0.061110
Epoch  18/200 | train_huber=0.0990 | val_huber=0.0587 | mean_R2=0.8397 | lr=2.94e-04 | 39.9s
  EarlyStopping: min metric improved from 0.061110 → 0.058658
Epoch  19/200 | train_huber=0.0999 | val_huber=0.0783 | mean_R2=0.7803 | lr=2.94e-04 | 39.9s
  EarlyStopping: no improvement for 1/30 epochs (best=0.058658 @ epoch 18)
Epoch  20/200 | train_huber=0.0973 | val_huber=0.0548 | mean_R2=0.8574 | lr=2.93e-04 | 39.9s
  EarlyStopping: min metric improved from 0.058658 → 0.054756
Epoch  21/200 | train_huber=0.0918 | val_huber=0.0694 | mean_R2=0.8097 | lr=2.92e-04 | 39.9s
  EarlyStopping: no improvement for 1/30 epochs (best=0.054756 @ epoch 20)
Epoch  22/200 | train_huber=0.0883 | val_huber=0.0748 | mean_R2=0.7973 | lr=2.91e-04 | 39.9s
  EarlyStopping: no improvement for 2/30 epochs (best=0.054756 @ epoch 20)
Epoch  23/200 | train_huber=0.0886 | val_huber=0.0659 | mean_R2=0.8179 | lr=2.91e-04 | 39.9s
  EarlyStopping: no improvement for 3/30 epochs (best=0.054756 @ epoch 20)
Epoch  24/200 | train_huber=0.0876 | val_huber=0.0588 | mean_R2=0.8394 | lr=2.90e-04 | 39.9s
  EarlyStopping: no improvement for 4/30 epochs (best=0.054756 @ epoch 20)
Epoch  25/200 | train_huber=0.0827 | val_huber=0.0560 | mean_R2=0.8462 | lr=2.89e-04 | 39.8s
  EarlyStopping: no improvement for 5/30 epochs (best=0.054756 @ epoch 20)
Epoch  26/200 | train_huber=0.0834 | val_huber=0.0544 | mean_R2=0.8513 | lr=2.88e-04 | 39.9s
  EarlyStopping: min metric improved from 0.054756 → 0.054393
Epoch  27/200 | train_huber=0.0809 | val_huber=0.0724 | mean_R2=0.8000 | lr=2.87e-04 | 39.9s
  EarlyStopping: no improvement for 1/30 epochs (best=0.054393 @ epoch 26)
Epoch  28/200 | train_huber=0.0807 | val_huber=0.0510 | mean_R2=0.8654 | lr=2.86e-04 | 39.9s
  EarlyStopping: min metric improved from 0.054393 → 0.051031
Epoch  29/200 | train_huber=0.0765 | val_huber=0.0513 | mean_R2=0.8599 | lr=2.85e-04 | 39.9s
  EarlyStopping: no improvement for 1/30 epochs (best=0.051031 @ epoch 28)
Epoch  30/200 | train_huber=0.0798 | val_huber=0.0680 | mean_R2=0.8170 | lr=2.84e-04 | 39.9s
  EarlyStopping: no improvement for 2/30 epochs (best=0.051031 @ epoch 28)
Epoch  31/200 | train_huber=0.0758 | val_huber=0.0518 | mean_R2=0.8596 | lr=2.83e-04 | 39.9s
  EarlyStopping: no improvement for 3/30 epochs (best=0.051031 @ epoch 28)
Epoch  32/200 | train_huber=0.0752 | val_huber=0.0605 | mean_R2=0.8380 | lr=2.82e-04 | 39.8s
  EarlyStopping: no improvement for 4/30 epochs (best=0.051031 @ epoch 28)
Epoch  33/200 | train_huber=0.0729 | val_huber=0.0644 | mean_R2=0.8248 | lr=2.81e-04 | 39.9s
  EarlyStopping: no improvement for 5/30 epochs (best=0.051031 @ epoch 28)
Epoch  34/200 | train_huber=0.0728 | val_huber=0.0534 | mean_R2=0.8562 | lr=2.80e-04 | 39.8s
  EarlyStopping: no improvement for 6/30 epochs (best=0.051031 @ epoch 28)
Epoch  35/200 | train_huber=0.0741 | val_huber=0.0511 | mean_R2=0.8617 | lr=2.79e-04 | 39.8s
  EarlyStopping: no improvement for 7/30 epochs (best=0.051031 @ epoch 28)
Epoch  36/200 | train_huber=0.0725 | val_huber=0.0478 | mean_R2=0.8715 | lr=2.77e-04 | 39.8s
  EarlyStopping: min metric improved from 0.051031 → 0.047803
Epoch  37/200 | train_huber=0.0755 | val_huber=0.0502 | mean_R2=0.8640 | lr=2.76e-04 | 40.0s
  EarlyStopping: no improvement for 1/30 epochs (best=0.047803 @ epoch 36)
Epoch  38/200 | train_huber=0.0722 | val_huber=0.0581 | mean_R2=0.8393 | lr=2.75e-04 | 40.1s
  EarlyStopping: no improvement for 2/30 epochs (best=0.047803 @ epoch 36)
Epoch  39/200 | train_huber=0.0689 | val_huber=0.0546 | mean_R2=0.8539 | lr=2.74e-04 | 40.0s
  EarlyStopping: no improvement for 3/30 epochs (best=0.047803 @ epoch 36)
Epoch  40/200 | train_huber=0.0677 | val_huber=0.0551 | mean_R2=0.8522 | lr=2.72e-04 | 40.1s
  EarlyStopping: no improvement for 4/30 epochs (best=0.047803 @ epoch 36)
Epoch  41/200 | train_huber=0.0705 | val_huber=0.0505 | mean_R2=0.8574 | lr=2.71e-04 | 39.9s
  EarlyStopping: no improvement for 5/30 epochs (best=0.047803 @ epoch 36)
Epoch  42/200 | train_huber=0.0649 | val_huber=0.0509 | mean_R2=0.8624 | lr=2.70e-04 | 39.9s
  EarlyStopping: no improvement for 6/30 epochs (best=0.047803 @ epoch 36)
Epoch  43/200 | train_huber=0.0661 | val_huber=0.0455 | mean_R2=0.8800 | lr=2.68e-04 | 39.9s
  EarlyStopping: min metric improved from 0.047803 → 0.045517
Epoch  44/200 | train_huber=0.0651 | val_huber=0.0553 | mean_R2=0.8532 | lr=2.67e-04 | 39.9s
  EarlyStopping: no improvement for 1/30 epochs (best=0.045517 @ epoch 43)
Epoch  45/200 | train_huber=0.0660 | val_huber=0.0568 | mean_R2=0.8467 | lr=2.65e-04 | 39.8s
  EarlyStopping: no improvement for 2/30 epochs (best=0.045517 @ epoch 43)
Epoch  46/200 | train_huber=0.0638 | val_huber=0.0464 | mean_R2=0.8718 | lr=2.64e-04 | 39.9s
  EarlyStopping: no improvement for 3/30 epochs (best=0.045517 @ epoch 43)
Epoch  47/200 | train_huber=0.0636 | val_huber=0.0519 | mean_R2=0.8579 | lr=2.62e-04 | 39.9s
  EarlyStopping: no improvement for 4/30 epochs (best=0.045517 @ epoch 43)
Epoch  48/200 | train_huber=0.0646 | val_huber=0.0478 | mean_R2=0.8698 | lr=2.61e-04 | 39.9s
  EarlyStopping: no improvement for 5/30 epochs (best=0.045517 @ epoch 43)
Epoch  49/200 | train_huber=0.0618 | val_huber=0.0497 | mean_R2=0.8633 | lr=2.59e-04 | 39.9s
  EarlyStopping: no improvement for 6/30 epochs (best=0.045517 @ epoch 43)
Epoch  50/200 | train_huber=0.0642 | val_huber=0.0696 | mean_R2=0.8121 | lr=2.58e-04 | 39.9s
  EarlyStopping: no improvement for 7/30 epochs (best=0.045517 @ epoch 43)
Epoch  51/200 | train_huber=0.0636 | val_huber=0.0499 | mean_R2=0.8640 | lr=2.56e-04 | 39.9s
  EarlyStopping: no improvement for 8/30 epochs (best=0.045517 @ epoch 43)
Epoch  52/200 | train_huber=0.0603 | val_huber=0.0501 | mean_R2=0.8615 | lr=2.54e-04 | 39.9s
  EarlyStopping: no improvement for 9/30 epochs (best=0.045517 @ epoch 43)
Epoch  53/200 | train_huber=0.0593 | val_huber=0.0499 | mean_R2=0.8622 | lr=2.53e-04 | 39.9s
  EarlyStopping: no improvement for 10/30 epochs (best=0.045517 @ epoch 43)
Epoch  54/200 | train_huber=0.0619 | val_huber=0.0584 | mean_R2=0.8410 | lr=2.51e-04 | 40.0s
  EarlyStopping: no improvement for 11/30 epochs (best=0.045517 @ epoch 43)
Epoch  55/200 | train_huber=0.0602 | val_huber=0.0512 | mean_R2=0.8613 | lr=2.49e-04 | 39.9s
  EarlyStopping: no improvement for 12/30 epochs (best=0.045517 @ epoch 43)
Epoch  56/200 | train_huber=0.0595 | val_huber=0.0485 | mean_R2=0.8719 | lr=2.47e-04 | 39.9s
  EarlyStopping: no improvement for 13/30 epochs (best=0.045517 @ epoch 43)
Epoch  57/200 | train_huber=0.0573 | val_huber=0.0499 | mean_R2=0.8683 | lr=2.46e-04 | 39.9s
  EarlyStopping: no improvement for 14/30 epochs (best=0.045517 @ epoch 43)
Epoch  58/200 | train_huber=0.0590 | val_huber=0.0457 | mean_R2=0.8732 | lr=2.44e-04 | 39.9s
  EarlyStopping: no improvement for 15/30 epochs (best=0.045517 @ epoch 43)
Epoch  59/200 | train_huber=0.0605 | val_huber=0.0458 | mean_R2=0.8756 | lr=2.42e-04 | 39.9s
  EarlyStopping: no improvement for 16/30 epochs (best=0.045517 @ epoch 43)
Epoch  60/200 | train_huber=0.0597 | val_huber=0.0487 | mean_R2=0.8671 | lr=2.40e-04 | 39.9s
  EarlyStopping: no improvement for 17/30 epochs (best=0.045517 @ epoch 43)
Epoch  61/200 | train_huber=0.0589 | val_huber=0.0477 | mean_R2=0.8732 | lr=2.38e-04 | 39.9s
  EarlyStopping: no improvement for 18/30 epochs (best=0.045517 @ epoch 43)
Epoch  62/200 | train_huber=0.0570 | val_huber=0.0454 | mean_R2=0.8779 | lr=2.37e-04 | 39.9s
  EarlyStopping: min metric improved from 0.045517 → 0.045449
Epoch  63/200 | train_huber=0.0573 | val_huber=0.0585 | mean_R2=0.8375 | lr=2.35e-04 | 39.9s
  EarlyStopping: no improvement for 1/30 epochs (best=0.045449 @ epoch 62)
Epoch  64/200 | train_huber=0.0555 | val_huber=0.0513 | mean_R2=0.8603 | lr=2.33e-04 | 39.9s
  EarlyStopping: no improvement for 2/30 epochs (best=0.045449 @ epoch 62)
Epoch  65/200 | train_huber=0.0549 | val_huber=0.0439 | mean_R2=0.8836 | lr=2.31e-04 | 39.9s
  EarlyStopping: min metric improved from 0.045449 → 0.043867
Epoch  66/200 | train_huber=0.0537 | val_huber=0.0463 | mean_R2=0.8739 | lr=2.29e-04 | 39.9s
  EarlyStopping: no improvement for 1/30 epochs (best=0.043867 @ epoch 65)
Epoch  67/200 | train_huber=0.0569 | val_huber=0.0466 | mean_R2=0.8742 | lr=2.27e-04 | 39.9s
  EarlyStopping: no improvement for 2/30 epochs (best=0.043867 @ epoch 65)
Epoch  68/200 | train_huber=0.0549 | val_huber=0.0454 | mean_R2=0.8746 | lr=2.25e-04 | 39.9s
  EarlyStopping: no improvement for 3/30 epochs (best=0.043867 @ epoch 65)
Epoch  69/200 | train_huber=0.0522 | val_huber=0.0490 | mean_R2=0.8644 | lr=2.23e-04 | 39.9s
  EarlyStopping: no improvement for 4/30 epochs (best=0.043867 @ epoch 65)
Epoch  70/200 | train_huber=0.0546 | val_huber=0.0508 | mean_R2=0.8623 | lr=2.21e-04 | 39.9s
  EarlyStopping: no improvement for 5/30 epochs (best=0.043867 @ epoch 65)
Epoch  71/200 | train_huber=0.0516 | val_huber=0.0495 | mean_R2=0.8647 | lr=2.19e-04 | 39.8s
  EarlyStopping: no improvement for 6/30 epochs (best=0.043867 @ epoch 65)
Epoch  72/200 | train_huber=0.0524 | val_huber=0.0402 | mean_R2=0.8908 | lr=2.17e-04 | 39.9s
  EarlyStopping: min metric improved from 0.043867 → 0.040217
Epoch  73/200 | train_huber=0.0533 | val_huber=0.0466 | mean_R2=0.8743 | lr=2.15e-04 | 39.8s
  EarlyStopping: no improvement for 1/30 epochs (best=0.040217 @ epoch 72)
Epoch  74/200 | train_huber=0.0519 | val_huber=0.0449 | mean_R2=0.8777 | lr=2.13e-04 | 39.9s
  EarlyStopping: no improvement for 2/30 epochs (best=0.040217 @ epoch 72)
Epoch  75/200 | train_huber=0.0517 | val_huber=0.0559 | mean_R2=0.8490 | lr=2.10e-04 | 39.9s
  EarlyStopping: no improvement for 3/30 epochs (best=0.040217 @ epoch 72)
Epoch  76/200 | train_huber=0.0516 | val_huber=0.0427 | mean_R2=0.8857 | lr=2.08e-04 | 39.9s
  EarlyStopping: no improvement for 4/30 epochs (best=0.040217 @ epoch 72)
Epoch  77/200 | train_huber=0.0518 | val_huber=0.0531 | mean_R2=0.8526 | lr=2.06e-04 | 39.9s
  EarlyStopping: no improvement for 5/30 epochs (best=0.040217 @ epoch 72)
Epoch  78/200 | train_huber=0.0535 | val_huber=0.0409 | mean_R2=0.8882 | lr=2.04e-04 | 39.9s
  EarlyStopping: no improvement for 6/30 epochs (best=0.040217 @ epoch 72)
Epoch  79/200 | train_huber=0.0513 | val_huber=0.0526 | mean_R2=0.8557 | lr=2.02e-04 | 39.9s
  EarlyStopping: no improvement for 7/30 epochs (best=0.040217 @ epoch 72)
Epoch  80/200 | train_huber=0.0508 | val_huber=0.0410 | mean_R2=0.8853 | lr=2.00e-04 | 40.1s
  EarlyStopping: no improvement for 8/30 epochs (best=0.040217 @ epoch 72)
Epoch  81/200 | train_huber=0.0490 | val_huber=0.0460 | mean_R2=0.8755 | lr=1.98e-04 | 40.0s
  EarlyStopping: no improvement for 9/30 epochs (best=0.040217 @ epoch 72)
Epoch  82/200 | train_huber=0.0493 | val_huber=0.0450 | mean_R2=0.8757 | lr=1.95e-04 | 40.0s
  EarlyStopping: no improvement for 10/30 epochs (best=0.040217 @ epoch 72)
Epoch  83/200 | train_huber=0.0488 | val_huber=0.0410 | mean_R2=0.8872 | lr=1.93e-04 | 40.0s
  EarlyStopping: no improvement for 11/30 epochs (best=0.040217 @ epoch 72)
Epoch  84/200 | train_huber=0.0483 | val_huber=0.0488 | mean_R2=0.8646 | lr=1.91e-04 | 39.9s
  EarlyStopping: no improvement for 12/30 epochs (best=0.040217 @ epoch 72)
Epoch  85/200 | train_huber=0.0465 | val_huber=0.0515 | mean_R2=0.8597 | lr=1.89e-04 | 39.9s
  EarlyStopping: no improvement for 13/30 epochs (best=0.040217 @ epoch 72)
Epoch  86/200 | train_huber=0.0482 | val_huber=0.0395 | mean_R2=0.8922 | lr=1.87e-04 | 39.9s
  EarlyStopping: min metric improved from 0.040217 → 0.039505
Epoch  87/200 | train_huber=0.0474 | val_huber=0.0383 | mean_R2=0.8930 | lr=1.84e-04 | 39.9s
  EarlyStopping: min metric improved from 0.039505 → 0.038341
Epoch  88/200 | train_huber=0.0467 | val_huber=0.0427 | mean_R2=0.8807 | lr=1.82e-04 | 39.9s
  EarlyStopping: no improvement for 1/30 epochs (best=0.038341 @ epoch 87)
Epoch  89/200 | train_huber=0.0468 | val_huber=0.0472 | mean_R2=0.8726 | lr=1.80e-04 | 39.9s
  EarlyStopping: no improvement for 2/30 epochs (best=0.038341 @ epoch 87)
Epoch  90/200 | train_huber=0.0466 | val_huber=0.0389 | mean_R2=0.8952 | lr=1.78e-04 | 39.9s
  EarlyStopping: no improvement for 3/30 epochs (best=0.038341 @ epoch 87)
Epoch  91/200 | train_huber=0.0445 | val_huber=0.0476 | mean_R2=0.8714 | lr=1.75e-04 | 39.9s
  EarlyStopping: no improvement for 4/30 epochs (best=0.038341 @ epoch 87)
Epoch  92/200 | train_huber=0.0442 | val_huber=0.0419 | mean_R2=0.8851 | lr=1.73e-04 | 39.8s
  EarlyStopping: no improvement for 5/30 epochs (best=0.038341 @ epoch 87)
Epoch  93/200 | train_huber=0.0458 | val_huber=0.0400 | mean_R2=0.8892 | lr=1.71e-04 | 39.9s
  EarlyStopping: no improvement for 6/30 epochs (best=0.038341 @ epoch 87)
Epoch  94/200 | train_huber=0.0456 | val_huber=0.0401 | mean_R2=0.8895 | lr=1.69e-04 | 39.8s
  EarlyStopping: no improvement for 7/30 epochs (best=0.038341 @ epoch 87)
Epoch  95/200 | train_huber=0.0459 | val_huber=0.0393 | mean_R2=0.8909 | lr=1.66e-04 | 39.9s
  EarlyStopping: no improvement for 8/30 epochs (best=0.038341 @ epoch 87)
Epoch  96/200 | train_huber=0.0449 | val_huber=0.0441 | mean_R2=0.8708 | lr=1.64e-04 | 39.8s
  EarlyStopping: no improvement for 9/30 epochs (best=0.038341 @ epoch 87)
Epoch  97/200 | train_huber=0.0431 | val_huber=0.0432 | mean_R2=0.8758 | lr=1.62e-04 | 39.9s
  EarlyStopping: no improvement for 10/30 epochs (best=0.038341 @ epoch 87)
Epoch  98/200 | train_huber=0.0456 | val_huber=0.0412 | mean_R2=0.8852 | lr=1.60e-04 | 39.9s
  EarlyStopping: no improvement for 11/30 epochs (best=0.038341 @ epoch 87)
Epoch  99/200 | train_huber=0.0436 | val_huber=0.0420 | mean_R2=0.8845 | lr=1.57e-04 | 39.9s
  EarlyStopping: no improvement for 12/30 epochs (best=0.038341 @ epoch 87)
Epoch 100/200 | train_huber=0.0432 | val_huber=0.0389 | mean_R2=0.8890 | lr=1.55e-04 | 39.9s
  EarlyStopping: no improvement for 13/30 epochs (best=0.038341 @ epoch 87)
Epoch 101/200 | train_huber=0.0417 | val_huber=0.0433 | mean_R2=0.8840 | lr=1.53e-04 | 39.9s
  EarlyStopping: no improvement for 14/30 epochs (best=0.038341 @ epoch 87)
Epoch 102/200 | train_huber=0.0412 | val_huber=0.0401 | mean_R2=0.8903 | lr=1.50e-04 | 39.9s
  EarlyStopping: no improvement for 15/30 epochs (best=0.038341 @ epoch 87)
Epoch 103/200 | train_huber=0.0414 | val_huber=0.0423 | mean_R2=0.8790 | lr=1.48e-04 | 39.9s
  EarlyStopping: no improvement for 16/30 epochs (best=0.038341 @ epoch 87)
Epoch 104/200 | train_huber=0.0418 | val_huber=0.0446 | mean_R2=0.8727 | lr=1.46e-04 | 39.9s
  EarlyStopping: no improvement for 17/30 epochs (best=0.038341 @ epoch 87)
Epoch 105/200 | train_huber=0.0418 | val_huber=0.0418 | mean_R2=0.8811 | lr=1.44e-04 | 39.9s
  EarlyStopping: no improvement for 18/30 epochs (best=0.038341 @ epoch 87)
Epoch 106/200 | train_huber=0.0418 | val_huber=0.0432 | mean_R2=0.8766 | lr=1.41e-04 | 39.9s
  EarlyStopping: no improvement for 19/30 epochs (best=0.038341 @ epoch 87)
Epoch 107/200 | train_huber=0.0428 | val_huber=0.0471 | mean_R2=0.8652 | lr=1.39e-04 | 39.9s
  EarlyStopping: no improvement for 20/30 epochs (best=0.038341 @ epoch 87)
Epoch 108/200 | train_huber=0.0416 | val_huber=0.0450 | mean_R2=0.8749 | lr=1.37e-04 | 39.9s
  EarlyStopping: no improvement for 21/30 epochs (best=0.038341 @ epoch 87)
Epoch 109/200 | train_huber=0.0430 | val_huber=0.0408 | mean_R2=0.8867 | lr=1.35e-04 | 39.9s
  EarlyStopping: no improvement for 22/30 epochs (best=0.038341 @ epoch 87)
Epoch 110/200 | train_huber=0.0411 | val_huber=0.0432 | mean_R2=0.8778 | lr=1.32e-04 | 40.0s
  EarlyStopping: no improvement for 23/30 epochs (best=0.038341 @ epoch 87)
Epoch 111/200 | train_huber=0.0399 | val_huber=0.0367 | mean_R2=0.8951 | lr=1.30e-04 | 40.1s
  EarlyStopping: min metric improved from 0.038341 → 0.036667
Epoch 112/200 | train_huber=0.0388 | val_huber=0.0431 | mean_R2=0.8798 | lr=1.28e-04 | 40.0s
  EarlyStopping: no improvement for 1/30 epochs (best=0.036667 @ epoch 111)
Epoch 113/200 | train_huber=0.0397 | val_huber=0.0510 | mean_R2=0.8552 | lr=1.26e-04 | 40.1s
  EarlyStopping: no improvement for 2/30 epochs (best=0.036667 @ epoch 111)
Epoch 114/200 | train_huber=0.0385 | val_huber=0.0385 | mean_R2=0.8931 | lr=1.23e-04 | 39.9s
  EarlyStopping: no improvement for 3/30 epochs (best=0.036667 @ epoch 111)
Epoch 115/200 | train_huber=0.0376 | val_huber=0.0409 | mean_R2=0.8839 | lr=1.21e-04 | 39.9s
  EarlyStopping: no improvement for 4/30 epochs (best=0.036667 @ epoch 111)
Epoch 116/200 | train_huber=0.0384 | val_huber=0.0377 | mean_R2=0.8929 | lr=1.19e-04 | 39.9s
  EarlyStopping: no improvement for 5/30 epochs (best=0.036667 @ epoch 111)
Epoch 117/200 | train_huber=0.0369 | val_huber=0.0414 | mean_R2=0.8831 | lr=1.17e-04 | 39.8s
  EarlyStopping: no improvement for 6/30 epochs (best=0.036667 @ epoch 111)
Epoch 118/200 | train_huber=0.0374 | val_huber=0.0383 | mean_R2=0.8921 | lr=1.15e-04 | 39.9s
  EarlyStopping: no improvement for 7/30 epochs (best=0.036667 @ epoch 111)
Epoch 119/200 | train_huber=0.0391 | val_huber=0.0420 | mean_R2=0.8800 | lr=1.12e-04 | 39.9s
  EarlyStopping: no improvement for 8/30 epochs (best=0.036667 @ epoch 111)
Epoch 120/200 | train_huber=0.0370 | val_huber=0.0407 | mean_R2=0.8832 | lr=1.10e-04 | 39.9s
  EarlyStopping: no improvement for 9/30 epochs (best=0.036667 @ epoch 111)
Epoch 121/200 | train_huber=0.0366 | val_huber=0.0390 | mean_R2=0.8904 | lr=1.08e-04 | 39.9s
  EarlyStopping: no improvement for 10/30 epochs (best=0.036667 @ epoch 111)
Epoch 122/200 | train_huber=0.0374 | val_huber=0.0433 | mean_R2=0.8785 | lr=1.06e-04 | 39.9s
  EarlyStopping: no improvement for 11/30 epochs (best=0.036667 @ epoch 111)
Epoch 123/200 | train_huber=0.0370 | val_huber=0.0415 | mean_R2=0.8775 | lr=1.04e-04 | 39.9s
  EarlyStopping: no improvement for 12/30 epochs (best=0.036667 @ epoch 111)
Epoch 124/200 | train_huber=0.0373 | val_huber=0.0389 | mean_R2=0.8914 | lr=1.02e-04 | 40.0s
  EarlyStopping: no improvement for 13/30 epochs (best=0.036667 @ epoch 111)
Epoch 125/200 | train_huber=0.0364 | val_huber=0.0423 | mean_R2=0.8859 | lr=9.95e-05 | 39.9s
  EarlyStopping: no improvement for 14/30 epochs (best=0.036667 @ epoch 111)
Epoch 126/200 | train_huber=0.0381 | val_huber=0.0389 | mean_R2=0.8896 | lr=9.74e-05 | 39.8s
  EarlyStopping: no improvement for 15/30 epochs (best=0.036667 @ epoch 111)
Epoch 127/200 | train_huber=0.0358 | val_huber=0.0400 | mean_R2=0.8877 | lr=9.53e-05 | 39.9s
  EarlyStopping: no improvement for 16/30 epochs (best=0.036667 @ epoch 111)
Epoch 128/200 | train_huber=0.0354 | val_huber=0.0361 | mean_R2=0.9002 | lr=9.33e-05 | 39.9s
  EarlyStopping: min metric improved from 0.036667 → 0.036136
Epoch 129/200 | train_huber=0.0342 | val_huber=0.0374 | mean_R2=0.8953 | lr=9.12e-05 | 39.9s
  EarlyStopping: no improvement for 1/30 epochs (best=0.036136 @ epoch 128)
Epoch 130/200 | train_huber=0.0344 | val_huber=0.0412 | mean_R2=0.8851 | lr=8.92e-05 | 39.9s
  EarlyStopping: no improvement for 2/30 epochs (best=0.036136 @ epoch 128)
Epoch 131/200 | train_huber=0.0361 | val_huber=0.0448 | mean_R2=0.8711 | lr=8.72e-05 | 39.9s
  EarlyStopping: no improvement for 3/30 epochs (best=0.036136 @ epoch 128)
Epoch 132/200 | train_huber=0.0339 | val_huber=0.0392 | mean_R2=0.8915 | lr=8.51e-05 | 39.9s
  EarlyStopping: no improvement for 4/30 epochs (best=0.036136 @ epoch 128)
Epoch 133/200 | train_huber=0.0338 | val_huber=0.0380 | mean_R2=0.8923 | lr=8.32e-05 | 39.9s
  EarlyStopping: no improvement for 5/30 epochs (best=0.036136 @ epoch 128)
Epoch 134/200 | train_huber=0.0348 | val_huber=0.0435 | mean_R2=0.8771 | lr=8.12e-05 | 39.9s
  EarlyStopping: no improvement for 6/30 epochs (best=0.036136 @ epoch 128)
Epoch 135/200 | train_huber=0.0341 | val_huber=0.0410 | mean_R2=0.8841 | lr=7.92e-05 | 39.9s
  EarlyStopping: no improvement for 7/30 epochs (best=0.036136 @ epoch 128)
Epoch 136/200 | train_huber=0.0329 | val_huber=0.0389 | mean_R2=0.8886 | lr=7.73e-05 | 39.9s
  EarlyStopping: no improvement for 8/30 epochs (best=0.036136 @ epoch 128)
Epoch 137/200 | train_huber=0.0336 | val_huber=0.0410 | mean_R2=0.8845 | lr=7.54e-05 | 39.9s
  EarlyStopping: no improvement for 9/30 epochs (best=0.036136 @ epoch 128)
Epoch 138/200 | train_huber=0.0329 | val_huber=0.0386 | mean_R2=0.8895 | lr=7.35e-05 | 39.9s
  EarlyStopping: no improvement for 10/30 epochs (best=0.036136 @ epoch 128)
Epoch 139/200 | train_huber=0.0330 | val_huber=0.0382 | mean_R2=0.8921 | lr=7.16e-05 | 39.9s
  EarlyStopping: no improvement for 11/30 epochs (best=0.036136 @ epoch 128)
Epoch 140/200 | train_huber=0.0326 | val_huber=0.0378 | mean_R2=0.8923 | lr=6.98e-05 | 39.9s
  EarlyStopping: no improvement for 12/30 epochs (best=0.036136 @ epoch 128)
Epoch 141/200 | train_huber=0.0324 | val_huber=0.0393 | mean_R2=0.8901 | lr=6.79e-05 | 39.9s
  EarlyStopping: no improvement for 13/30 epochs (best=0.036136 @ epoch 128)
Epoch 142/200 | train_huber=0.0326 | val_huber=0.0365 | mean_R2=0.8974 | lr=6.61e-05 | 39.9s
  EarlyStopping: no improvement for 14/30 epochs (best=0.036136 @ epoch 128)
Epoch 143/200 | train_huber=0.0331 | val_huber=0.0386 | mean_R2=0.8919 | lr=6.43e-05 | 39.9s
  EarlyStopping: no improvement for 15/30 epochs (best=0.036136 @ epoch 128)
Epoch 144/200 | train_huber=0.0329 | val_huber=0.0399 | mean_R2=0.8857 | lr=6.26e-05 | 39.9s
  EarlyStopping: no improvement for 16/30 epochs (best=0.036136 @ epoch 128)
Epoch 145/200 | train_huber=0.0322 | val_huber=0.0423 | mean_R2=0.8772 | lr=6.08e-05 | 39.9s
  EarlyStopping: no improvement for 17/30 epochs (best=0.036136 @ epoch 128)
Epoch 146/200 | train_huber=0.0314 | val_huber=0.0378 | mean_R2=0.8957 | lr=5.91e-05 | 39.9s
  EarlyStopping: no improvement for 18/30 epochs (best=0.036136 @ epoch 128)
Epoch 147/200 | train_huber=0.0311 | val_huber=0.0361 | mean_R2=0.8972 | lr=5.74e-05 | 39.9s
  EarlyStopping: min metric improved from 0.036136 → 0.036121
Epoch 148/200 | train_huber=0.0311 | val_huber=0.0365 | mean_R2=0.8965 | lr=5.57e-05 | 39.9s
  EarlyStopping: no improvement for 1/30 epochs (best=0.036121 @ epoch 147)
Epoch 149/200 | train_huber=0.0320 | val_huber=0.0387 | mean_R2=0.8892 | lr=5.41e-05 | 39.9s
  EarlyStopping: no improvement for 2/30 epochs (best=0.036121 @ epoch 147)
Epoch 150/200 | train_huber=0.0298 | val_huber=0.0358 | mean_R2=0.8995 | lr=5.25e-05 | 39.8s
  EarlyStopping: min metric improved from 0.036121 → 0.035801
Epoch 151/200 | train_huber=0.0291 | val_huber=0.0405 | mean_R2=0.8871 | lr=5.09e-05 | 39.9s
  EarlyStopping: no improvement for 1/30 epochs (best=0.035801 @ epoch 150)
Epoch 152/200 | train_huber=0.0303 | val_huber=0.0392 | mean_R2=0.8898 | lr=4.93e-05 | 39.9s
  EarlyStopping: no improvement for 2/30 epochs (best=0.035801 @ epoch 150)
Epoch 153/200 | train_huber=0.0302 | val_huber=0.0396 | mean_R2=0.8891 | lr=4.78e-05 | 39.9s
  EarlyStopping: no improvement for 3/30 epochs (best=0.035801 @ epoch 150)
Epoch 154/200 | train_huber=0.0312 | val_huber=0.0370 | mean_R2=0.8958 | lr=4.62e-05 | 39.9s
  EarlyStopping: no improvement for 4/30 epochs (best=0.035801 @ epoch 150)
Epoch 155/200 | train_huber=0.0292 | val_huber=0.0361 | mean_R2=0.8989 | lr=4.47e-05 | 39.9s
  EarlyStopping: no improvement for 5/30 epochs (best=0.035801 @ epoch 150)
Epoch 156/200 | train_huber=0.0295 | val_huber=0.0367 | mean_R2=0.8968 | lr=4.33e-05 | 39.9s
  EarlyStopping: no improvement for 6/30 epochs (best=0.035801 @ epoch 150)
Epoch 157/200 | train_huber=0.0303 | val_huber=0.0394 | mean_R2=0.8888 | lr=4.18e-05 | 40.0s
  EarlyStopping: no improvement for 7/30 epochs (best=0.035801 @ epoch 150)
Epoch 158/200 | train_huber=0.0290 | val_huber=0.0372 | mean_R2=0.8973 | lr=4.04e-05 | 39.9s
  EarlyStopping: no improvement for 8/30 epochs (best=0.035801 @ epoch 150)
Epoch 159/200 | train_huber=0.0288 | val_huber=0.0369 | mean_R2=0.8960 | lr=3.90e-05 | 39.9s
  EarlyStopping: no improvement for 9/30 epochs (best=0.035801 @ epoch 150)
Epoch 160/200 | train_huber=0.0295 | val_huber=0.0348 | mean_R2=0.9023 | lr=3.77e-05 | 39.9s
  EarlyStopping: min metric improved from 0.035801 → 0.034830
Epoch 161/200 | train_huber=0.0295 | val_huber=0.0380 | mean_R2=0.8893 | lr=3.64e-05 | 39.9s
  EarlyStopping: no improvement for 1/30 epochs (best=0.034830 @ epoch 160)
Epoch 162/200 | train_huber=0.0285 | val_huber=0.0376 | mean_R2=0.8938 | lr=3.51e-05 | 39.9s
  EarlyStopping: no improvement for 2/30 epochs (best=0.034830 @ epoch 160)
Epoch 163/200 | train_huber=0.0286 | val_huber=0.0374 | mean_R2=0.8937 | lr=3.38e-05 | 39.9s
  EarlyStopping: no improvement for 3/30 epochs (best=0.034830 @ epoch 160)
Epoch 164/200 | train_huber=0.0286 | val_huber=0.0364 | mean_R2=0.8959 | lr=3.26e-05 | 39.9s
  EarlyStopping: no improvement for 4/30 epochs (best=0.034830 @ epoch 160)
Epoch 165/200 | train_huber=0.0287 | val_huber=0.0398 | mean_R2=0.8862 | lr=3.14e-05 | 39.9s
  EarlyStopping: no improvement for 5/30 epochs (best=0.034830 @ epoch 160)
Epoch 166/200 | train_huber=0.0289 | val_huber=0.0368 | mean_R2=0.8955 | lr=3.02e-05 | 39.9s
  EarlyStopping: no improvement for 6/30 epochs (best=0.034830 @ epoch 160)
Epoch 167/200 | train_huber=0.0281 | val_huber=0.0371 | mean_R2=0.8941 | lr=2.90e-05 | 39.8s
  EarlyStopping: no improvement for 7/30 epochs (best=0.034830 @ epoch 160)
Epoch 168/200 | train_huber=0.0275 | val_huber=0.0360 | mean_R2=0.8974 | lr=2.79e-05 | 39.9s
  EarlyStopping: no improvement for 8/30 epochs (best=0.034830 @ epoch 160)
Epoch 169/200 | train_huber=0.0281 | val_huber=0.0368 | mean_R2=0.8953 | lr=2.69e-05 | 39.9s
  EarlyStopping: no improvement for 9/30 epochs (best=0.034830 @ epoch 160)
Epoch 170/200 | train_huber=0.0276 | val_huber=0.0378 | mean_R2=0.8934 | lr=2.58e-05 | 39.9s
  EarlyStopping: no improvement for 10/30 epochs (best=0.034830 @ epoch 160)
Epoch 171/200 | train_huber=0.0290 | val_huber=0.0392 | mean_R2=0.8889 | lr=2.48e-05 | 39.9s
  EarlyStopping: no improvement for 11/30 epochs (best=0.034830 @ epoch 160)
Epoch 172/200 | train_huber=0.0279 | val_huber=0.0359 | mean_R2=0.8975 | lr=2.38e-05 | 39.9s
  EarlyStopping: no improvement for 12/30 epochs (best=0.034830 @ epoch 160)
Epoch 173/200 | train_huber=0.0268 | val_huber=0.0350 | mean_R2=0.8983 | lr=2.28e-05 | 39.9s
  EarlyStopping: no improvement for 13/30 epochs (best=0.034830 @ epoch 160)
Epoch 174/200 | train_huber=0.0272 | val_huber=0.0361 | mean_R2=0.8969 | lr=2.19e-05 | 39.9s
  EarlyStopping: no improvement for 14/30 epochs (best=0.034830 @ epoch 160)
Epoch 175/200 | train_huber=0.0274 | val_huber=0.0395 | mean_R2=0.8874 | lr=2.10e-05 | 40.2s
  EarlyStopping: no improvement for 15/30 epochs (best=0.034830 @ epoch 160)
Epoch 176/200 | train_huber=0.0276 | val_huber=0.0372 | mean_R2=0.8937 | lr=2.02e-05 | 40.1s
  EarlyStopping: no improvement for 16/30 epochs (best=0.034830 @ epoch 160)
Epoch 177/200 | train_huber=0.0263 | val_huber=0.0364 | mean_R2=0.8950 | lr=1.94e-05 | 40.1s
  EarlyStopping: no improvement for 17/30 epochs (best=0.034830 @ epoch 160)
Epoch 178/200 | train_huber=0.0259 | val_huber=0.0343 | mean_R2=0.9036 | lr=1.86e-05 | 40.0s
  EarlyStopping: min metric improved from 0.034830 → 0.034276
Epoch 179/200 | train_huber=0.0272 | val_huber=0.0366 | mean_R2=0.8950 | lr=1.78e-05 | 39.9s
  EarlyStopping: no improvement for 1/30 epochs (best=0.034276 @ epoch 178)
Epoch 180/200 | train_huber=0.0266 | val_huber=0.0351 | mean_R2=0.8998 | lr=1.71e-05 | 40.0s
  EarlyStopping: no improvement for 2/30 epochs (best=0.034276 @ epoch 178)
Epoch 181/200 | train_huber=0.0271 | val_huber=0.0378 | mean_R2=0.8940 | lr=1.64e-05 | 39.9s
  EarlyStopping: no improvement for 3/30 epochs (best=0.034276 @ epoch 178)
Epoch 182/200 | train_huber=0.0278 | val_huber=0.0369 | mean_R2=0.8939 | lr=1.58e-05 | 39.9s
  EarlyStopping: no improvement for 4/30 epochs (best=0.034276 @ epoch 178)
Epoch 183/200 | train_huber=0.0272 | val_huber=0.0344 | mean_R2=0.9006 | lr=1.51e-05 | 39.9s
  EarlyStopping: no improvement for 5/30 epochs (best=0.034276 @ epoch 178)
Epoch 184/200 | train_huber=0.0271 | val_huber=0.0360 | mean_R2=0.8966 | lr=1.46e-05 | 39.9s
  EarlyStopping: no improvement for 6/30 epochs (best=0.034276 @ epoch 178)
Epoch 185/200 | train_huber=0.0268 | val_huber=0.0370 | mean_R2=0.8949 | lr=1.40e-05 | 39.9s
  EarlyStopping: no improvement for 7/30 epochs (best=0.034276 @ epoch 178)
Epoch 186/200 | train_huber=0.0264 | val_huber=0.0358 | mean_R2=0.8982 | lr=1.35e-05 | 39.9s
  EarlyStopping: no improvement for 8/30 epochs (best=0.034276 @ epoch 178)
Epoch 187/200 | train_huber=0.0265 | val_huber=0.0347 | mean_R2=0.9021 | lr=1.30e-05 | 39.9s
  EarlyStopping: no improvement for 9/30 epochs (best=0.034276 @ epoch 178)
Epoch 188/200 | train_huber=0.0259 | val_huber=0.0392 | mean_R2=0.8883 | lr=1.26e-05 | 39.9s
  EarlyStopping: no improvement for 10/30 epochs (best=0.034276 @ epoch 178)
Epoch 189/200 | train_huber=0.0261 | val_huber=0.0384 | mean_R2=0.8900 | lr=1.22e-05 | 39.9s
  EarlyStopping: no improvement for 11/30 epochs (best=0.034276 @ epoch 178)
Epoch 190/200 | train_huber=0.0267 | val_huber=0.0359 | mean_R2=0.8978 | lr=1.18e-05 | 39.9s
  EarlyStopping: no improvement for 12/30 epochs (best=0.034276 @ epoch 178)
Epoch 191/200 | train_huber=0.0259 | val_huber=0.0358 | mean_R2=0.8985 | lr=1.14e-05 | 40.0s
  EarlyStopping: no improvement for 13/30 epochs (best=0.034276 @ epoch 178)
Epoch 192/200 | train_huber=0.0259 | val_huber=0.0351 | mean_R2=0.9006 | lr=1.11e-05 | 40.1s
  EarlyStopping: no improvement for 14/30 epochs (best=0.034276 @ epoch 178)
Epoch 193/200 | train_huber=0.0258 | val_huber=0.0359 | mean_R2=0.8967 | lr=1.09e-05 | 40.1s
  EarlyStopping: no improvement for 15/30 epochs (best=0.034276 @ epoch 178)
Epoch 194/200 | train_huber=0.0254 | val_huber=0.0373 | mean_R2=0.8956 | lr=1.06e-05 | 40.1s
  EarlyStopping: no improvement for 16/30 epochs (best=0.034276 @ epoch 178)
Epoch 195/200 | train_huber=0.0259 | val_huber=0.0353 | mean_R2=0.9000 | lr=1.04e-05 | 40.0s
  EarlyStopping: no improvement for 17/30 epochs (best=0.034276 @ epoch 178)
Epoch 196/200 | train_huber=0.0256 | val_huber=0.0366 | mean_R2=0.8970 | lr=1.03e-05 | 39.9s
  EarlyStopping: no improvement for 18/30 epochs (best=0.034276 @ epoch 178)
Epoch 197/200 | train_huber=0.0258 | val_huber=0.0358 | mean_R2=0.8985 | lr=1.02e-05 | 39.9s
  EarlyStopping: no improvement for 19/30 epochs (best=0.034276 @ epoch 178)
Epoch 198/200 | train_huber=0.0262 | val_huber=0.0373 | mean_R2=0.8936 | lr=1.01e-05 | 39.9s
  EarlyStopping: no improvement for 20/30 epochs (best=0.034276 @ epoch 178)
Epoch 199/200 | train_huber=0.0267 | val_huber=0.0374 | mean_R2=0.8937 | lr=1.00e-05 | 39.8s
  EarlyStopping: no improvement for 21/30 epochs (best=0.034276 @ epoch 178)
Epoch 200/200 | train_huber=0.0263 | val_huber=0.0381 | mean_R2=0.8920 | lr=1.00e-05 | 39.9s
  EarlyStopping: no improvement for 22/30 epochs (best=0.034276 @ epoch 178)

Training complete. Best epoch: 178, best val loss: 0.034276
Checkpoint saved to: /home/udays/shapenetsem_regression/checkpoints/shapenetsem_regression/global/best.pth
Training log saved to: /home/udays/shapenetsem_regression/logs/shapenetsem_regression/global/train_log.csv
FULL_TRAIN_DONE at 2026-05-18T17:29:30+00:00
