=== Environment ===
geometric-deep-learning
2026-05-18T14:39:15+00:00
Filesystem      Size  Used Avail Use% Mounted on
/dev/root       248G   71G  178G  29% /
Mon May 18 14:39:15 2026
+-----------------------------------------------------------------------------------------+
| NVIDIA-SMI 580.126.20             Driver Version: 580.126.20     CUDA Version: 13.0     |
+-----------------------------------------+------------------------+----------------------+
| GPU  Name                 Persistence-M | Bus-Id          Disp.A | Volatile Uncorr. ECC |
| Fan  Temp   Perf          Pwr:Usage/Cap |           Memory-Usage | GPU-Util  Compute M. |
|                                         |                        |               MIG M. |
|=========================================+========================+======================|
|   0  NVIDIA L4                      On  |   00000000:00:03.0 Off |                    0 |
| N/A   40C    P8             13W /   72W |       0MiB /  23034MiB |      0%      Default |
|                                         |                        |                  N/A |
+-----------------------------------------+------------------------+----------------------+

+-----------------------------------------------------------------------------------------+
| Processes:                                                                              |
|  GPU   GI   CI              PID   Type   Process name                        GPU Memory |
|        ID   ID                                                               Usage      |
|=========================================================================================|
|  No running processes found                                                             |
+-----------------------------------------------------------------------------------------+
Missing packages: []
=== Hugging Face access smoke ===
/home/udays/miniconda3/envs/gdl/lib/python3.10/site-packages/huggingface_hub/utils/_validators.py:205: UserWarning: The `local_dir_use_symlinks` argument is deprecated and ignored in `hf_hub_download`. Downloading to a local directory does not use symlinks anymore.
  warnings.warn(
ShapeNetSem data release June 2015 (v0)
=== Download and extract ===
/home/udays/miniconda3/envs/gdl/lib/python3.10/site-packages/huggingface_hub/utils/_validators.py:189: UserWarning: The `resume_download` argument is deprecated and ignored in `hf_hub_download`. Downloads always resume whenever possible.
  warnings.warn(
/home/udays/miniconda3/envs/gdl/lib/python3.10/site-packages/huggingface_hub/utils/_validators.py:205: UserWarning: The `local_dir_use_symlinks` argument is deprecated and ignored in `hf_hub_download`. Downloading to a local directory does not use symlinks anymore.
  warnings.warn(
Archive ready: /home/udays/shapenetsem_regression/data/shapenetsem_regression/raw/ShapeNetSem.zip
Extracting 24980 OBJ/MTL entries to /home/udays/shapenetsem_regression/data/shapenetsem_regression/raw/models-OBJ
Raw data ready: /home/udays/shapenetsem_regression/data/shapenetsem_regression/raw
=== Smoke prepare/analyze/train ===
Reading metadata...
Usable metadata rows before OBJ match: 0
Indexing OBJ files...
Matched OBJ files: 0 | missing OBJ: 0

=== ShapeNetSem preparation complete ===
  Prepared usable shapes : 0
  Errors/skips           : 0
  Metadata saved to      : /home/udays/shapenetsem_regression/data/shapenetsem_regression/processed/meta.json
Traceback (most recent call last):
  File "/home/udays/shapenetsem_regression/scripts/analyze_shapenetsem_targets.py", line 202, in <module>
    main()
  File "/home/udays/shapenetsem_regression/scripts/analyze_shapenetsem_targets.py", line 154, in main
    df[target] = pd.to_numeric(df[target], errors="coerce")
  File "/home/udays/miniconda3/envs/gdl/lib/python3.10/site-packages/pandas/core/frame.py", line 4113, in __getitem__
    indexer = self.columns.get_loc(key)
  File "/home/udays/miniconda3/envs/gdl/lib/python3.10/site-packages/pandas/core/indexes/range.py", line 417, in get_loc
    raise KeyError(key)
KeyError: 'solidVolume'
FAILED at 2026-05-18T14:44:03+00:00 with exit code 1
